// Jest Snapshot v1, https://goo.gl/fbAQLP

exports[`App component renders Header and Resty 1`] = `
<h3>
  Bootleg Postman
</h3>
`;
