// Jest Snapshot v1, https://goo.gl/fbAQLP

exports[`History component renders History 1`] = `
<div>
  <p>
    https://testurl.com
  </p>
  <p>
    GET
  </p>
</div>
`;
